2026-07-28 15:15:33 | INFO     | incremental_loader | Starting incremental load: C:\Users\91852\OneDrive\Desktop\Github Repo\Booking_data\datasets\data\Bookings.csv -> table 'bookings'
2026-07-28 15:15:33 | INFO     | incremental_loader | Chunk done: read=5000, newly_inserted=0
2026-07-28 15:15:34 | INFO     | incremental_loader | Chunk done: read=5000, newly_inserted=0
2026-07-28 15:15:34 | INFO     | incremental_loader | Chunk done: read=5000, newly_inserted=0
2026-07-28 15:15:35 | INFO     | incremental_loader | Chunk done: read=5000, newly_inserted=0
2026-07-28 15:15:35 | INFO     | incremental_loader | Chunk done: read=5000, newly_inserted=0
2026-07-28 15:15:35 | INFO     | incremental_loader | Chunk done: read=5000, newly_inserted=0
2026-07-28 15:15:36 | INFO     | incremental_loader | Chunk done: read=5000, newly_inserted=0
2026-07-28 15:15:36 | INFO     | incremental_loader | Chunk done: read=5000, newly_inserted=0
2026-07-28 15:15:36 | INFO     | incremental_loader | Chunk done: read=5000, newly_inserted=0
2026-07-28 15:15:37 | INFO     | incremental_loader | Chunk done: read=5000, newly_inserted=0
2026-07-28 15:15:37 | INFO     | incremental_loader | Chunk done: read=5000, newly_inserted=0
2026-07-28 15:15:37 | INFO     | incremental_loader | Chunk done: read=5000, newly_inserted=0
2026-07-28 15:15:38 | INFO     | incremental_loader | Chunk done: read=5000, newly_inserted=0
2026-07-28 15:15:38 | INFO     | incremental_loader | Chunk done: read=5000, newly_inserted=0
2026-07-28 15:15:38 | INFO     | incremental_loader | Chunk done: read=5000, newly_inserted=0
2026-07-28 15:15:39 | INFO     | incremental_loader | Chunk done: read=5000, newly_inserted=0
2026-07-28 15:15:39 | INFO     | incremental_loader | Chunk done: read=5000, newly_inserted=0
2026-07-28 15:15:39 | INFO     | incremental_loader | Chunk done: read=5000, newly_inserted=0
2026-07-28 15:15:40 | INFO     | incremental_loader | Chunk done: read=5000, newly_inserted=0
2026-07-28 15:15:40 | INFO     | incremental_loader | Chunk done: read=5000, newly_inserted=0
2026-07-28 15:15:40 | INFO     | incremental_loader | Chunk done: read=3024, newly_inserted=0
2026-07-28 15:15:40 | INFO     | incremental_loader | Finished. rows_read=103024, newly_inserted=0, already_existed/skipped=103024
2026-07-28 15:15:40 | INFO     | incremental_loader | 
==================================================
 LOAD SUMMARY                                     
==================================================
 Table                 : bookings
 Rows in table before  : 103024
 Rows read from CSV    : 103024
 Rows newly inserted   : 0
 Rows skipped (dupes)  : 103024
 Rows in table after   : 103024
 Duration              : 7.27 sec
==================================================

2026-07-28 16:51:09 | INFO     | incremental_loader | Starting incremental load: C:\Users\91852\OneDrive\Desktop\Github Repo\Booking_data\datasets\data\Bookings.csv -> table 'bookings'
2026-07-28 16:51:10 | INFO     | incremental_loader | Chunk done: read=5000, newly_inserted=0
2026-07-28 16:51:10 | INFO     | incremental_loader | Chunk done: read=5000, newly_inserted=0
2026-07-28 16:51:11 | INFO     | incremental_loader | Chunk done: read=5000, newly_inserted=0
2026-07-28 16:51:11 | INFO     | incremental_loader | Chunk done: read=5000, newly_inserted=0
2026-07-28 16:51:11 | INFO     | incremental_loader | Chunk done: read=5000, newly_inserted=0
2026-07-28 16:51:12 | INFO     | incremental_loader | Chunk done: read=5000, newly_inserted=0
2026-07-28 16:51:12 | INFO     | incremental_loader | Chunk done: read=5000, newly_inserted=0
2026-07-28 16:51:12 | INFO     | incremental_loader | Chunk done: read=5000, newly_inserted=0
2026-07-28 16:51:13 | INFO     | incremental_loader | Chunk done: read=5000, newly_inserted=0
2026-07-28 16:51:13 | INFO     | incremental_loader | Chunk done: read=5000, newly_inserted=0
2026-07-28 16:51:13 | INFO     | incremental_loader | Chunk done: read=5000, newly_inserted=0
2026-07-28 16:51:14 | INFO     | incremental_loader | Chunk done: read=5000, newly_inserted=0
2026-07-28 16:51:14 | INFO     | incremental_loader | Chunk done: read=5000, newly_inserted=0
2026-07-28 16:51:15 | INFO     | incremental_loader | Chunk done: read=5000, newly_inserted=0
2026-07-28 16:51:15 | INFO     | incremental_loader | Chunk done: read=5000, newly_inserted=0
2026-07-28 16:51:15 | INFO     | incremental_loader | Chunk done: read=5000, newly_inserted=0
2026-07-28 16:51:16 | INFO     | incremental_loader | Chunk done: read=5000, newly_inserted=0
2026-07-28 16:51:16 | INFO     | incremental_loader | Chunk done: read=5000, newly_inserted=0
2026-07-28 16:51:16 | INFO     | incremental_loader | Chunk done: read=5000, newly_inserted=0
2026-07-28 16:51:17 | INFO     | incremental_loader | Chunk done: read=5000, newly_inserted=0
2026-07-28 16:51:17 | INFO     | incremental_loader | Chunk done: read=3024, newly_inserted=0
2026-07-28 16:51:17 | INFO     | incremental_loader | Finished. rows_read=103024, newly_inserted=0, already_existed/skipped=103024
2026-07-28 16:51:17 | INFO     | incremental_loader | 
==================================================
 LOAD SUMMARY                                     
==================================================
 Table                 : bookings
 Rows in table before  : 103024
 Rows read from CSV    : 103024
 Rows newly inserted   : 0
 Rows skipped (dupes)  : 103024
 Rows in table after   : 103024
 Duration              : 7.41 sec
==================================================

2026-07-28 16:52:49 | INFO     | incremental_loader | Starting incremental load: C:\Users\91852\OneDrive\Desktop\Github Repo\Booking_data\datasets\data\Bookings.csv -> table 'bookings'
2026-07-28 16:52:49 | INFO     | incremental_loader | Chunk done: read=5000, newly_inserted=0
2026-07-28 16:52:50 | INFO     | incremental_loader | Chunk done: read=5000, newly_inserted=0
2026-07-28 16:52:50 | INFO     | incremental_loader | Chunk done: read=5000, newly_inserted=0
2026-07-28 16:52:50 | INFO     | incremental_loader | Chunk done: read=5000, newly_inserted=0
2026-07-28 16:52:51 | INFO     | incremental_loader | Chunk done: read=5000, newly_inserted=0
2026-07-28 16:52:51 | INFO     | incremental_loader | Chunk done: read=5000, newly_inserted=0
2026-07-28 16:52:51 | INFO     | incremental_loader | Chunk done: read=5000, newly_inserted=0
2026-07-28 16:52:52 | INFO     | incremental_loader | Chunk done: read=5000, newly_inserted=0
2026-07-28 16:52:52 | INFO     | incremental_loader | Chunk done: read=5000, newly_inserted=0
2026-07-28 16:52:52 | INFO     | incremental_loader | Chunk done: read=5000, newly_inserted=0
2026-07-28 16:52:53 | INFO     | incremental_loader | Chunk done: read=5000, newly_inserted=0
2026-07-28 16:52:53 | INFO     | incremental_loader | Chunk done: read=5000, newly_inserted=0
2026-07-28 16:52:53 | INFO     | incremental_loader | Chunk done: read=5000, newly_inserted=0
2026-07-28 16:52:54 | INFO     | incremental_loader | Chunk done: read=5000, newly_inserted=0
2026-07-28 16:52:54 | INFO     | incremental_loader | Chunk done: read=5000, newly_inserted=0
2026-07-28 16:52:54 | INFO     | incremental_loader | Chunk done: read=5000, newly_inserted=0
2026-07-28 16:52:55 | INFO     | incremental_loader | Chunk done: read=5000, newly_inserted=0
2026-07-28 16:52:55 | INFO     | incremental_loader | Chunk done: read=5000, newly_inserted=0
2026-07-28 16:52:55 | INFO     | incremental_loader | Chunk done: read=5000, newly_inserted=0
2026-07-28 16:52:56 | INFO     | incremental_loader | Chunk done: read=5000, newly_inserted=0
2026-07-28 16:52:56 | INFO     | incremental_loader | Chunk done: read=3024, newly_inserted=0
2026-07-28 16:52:56 | INFO     | incremental_loader | Finished. rows_read=103024, newly_inserted=0, already_existed/skipped=103024
2026-07-28 16:52:56 | INFO     | incremental_loader | 
==================================================
 LOAD SUMMARY                                     
==================================================
 Table                 : bookings
 Rows in table before  : 103024
 Rows read from CSV    : 103024
 Rows newly inserted   : 0
 Rows skipped (dupes)  : 103024
 Rows in table after   : 103024
 Duration              : 6.99 sec
==================================================

2026-07-28 16:56:35 | INFO     | incremental_loader | Starting incremental load: C:\Users\91852\OneDrive\Desktop\Github Repo\Booking_data\datasets\data\Bookings.csv -> table 'bookings'
2026-07-28 16:56:36 | INFO     | incremental_loader | Chunk done: read=5000, newly_inserted=0
2026-07-28 16:56:36 | INFO     | incremental_loader | Chunk done: read=5000, newly_inserted=0
2026-07-28 16:56:36 | INFO     | incremental_loader | Chunk done: read=5000, newly_inserted=0
2026-07-28 16:56:37 | INFO     | incremental_loader | Chunk done: read=5000, newly_inserted=0
2026-07-28 16:56:37 | INFO     | incremental_loader | Chunk done: read=5000, newly_inserted=0
2026-07-28 16:56:37 | INFO     | incremental_loader | Chunk done: read=5000, newly_inserted=0
2026-07-28 16:56:38 | INFO     | incremental_loader | Chunk done: read=5000, newly_inserted=0
2026-07-28 16:56:38 | INFO     | incremental_loader | Chunk done: read=5000, newly_inserted=0
2026-07-28 16:56:38 | INFO     | incremental_loader | Chunk done: read=5000, newly_inserted=0
2026-07-28 16:56:39 | INFO     | incremental_loader | Chunk done: read=5000, newly_inserted=0
2026-07-28 16:56:39 | INFO     | incremental_loader | Chunk done: read=5000, newly_inserted=0
2026-07-28 16:56:39 | INFO     | incremental_loader | Chunk done: read=5000, newly_inserted=0
2026-07-28 16:56:40 | INFO     | incremental_loader | Chunk done: read=5000, newly_inserted=0
2026-07-28 16:56:40 | INFO     | incremental_loader | Chunk done: read=5000, newly_inserted=0
2026-07-28 16:56:40 | INFO     | incremental_loader | Chunk done: read=5000, newly_inserted=0
2026-07-28 16:56:41 | INFO     | incremental_loader | Chunk done: read=5000, newly_inserted=0
2026-07-28 16:56:41 | INFO     | incremental_loader | Chunk done: read=5000, newly_inserted=0
2026-07-28 16:56:41 | INFO     | incremental_loader | Chunk done: read=5000, newly_inserted=0
2026-07-28 16:56:42 | INFO     | incremental_loader | Chunk done: read=5000, newly_inserted=0
2026-07-28 16:56:42 | INFO     | incremental_loader | Chunk done: read=5000, newly_inserted=0
2026-07-28 16:56:42 | INFO     | incremental_loader | Chunk done: read=3024, newly_inserted=0
2026-07-28 16:56:42 | INFO     | incremental_loader | Finished. rows_read=103024, newly_inserted=0, already_existed/skipped=103024
2026-07-28 16:56:42 | INFO     | incremental_loader | 
==================================================
 LOAD SUMMARY                                     
==================================================
 Table                 : bookings
 Rows in table before  : 103024
 Rows read from CSV    : 103024
 Rows newly inserted   : 0
 Rows skipped (dupes)  : 103024
 Rows in table after   : 103024
 Duration              : 7.19 sec
==================================================

2026-07-28 16:57:34 | INFO     | incremental_loader | Starting incremental load: C:\Users\91852\OneDrive\Desktop\Github Repo\Booking_data\datasets\data\Bookings.csv -> table 'bookings'
2026-07-28 16:57:34 | INFO     | incremental_loader | Chunk done: read=5000, newly_inserted=0
2026-07-28 16:57:35 | INFO     | incremental_loader | Chunk done: read=5000, newly_inserted=0
2026-07-28 16:57:35 | INFO     | incremental_loader | Chunk done: read=5000, newly_inserted=0
2026-07-28 16:57:35 | INFO     | incremental_loader | Chunk done: read=5000, newly_inserted=0
2026-07-28 16:57:36 | INFO     | incremental_loader | Chunk done: read=5000, newly_inserted=0
2026-07-28 16:57:36 | INFO     | incremental_loader | Chunk done: read=5000, newly_inserted=0
2026-07-28 16:57:36 | INFO     | incremental_loader | Chunk done: read=5000, newly_inserted=0
2026-07-28 16:57:37 | INFO     | incremental_loader | Chunk done: read=5000, newly_inserted=0
2026-07-28 16:57:37 | INFO     | incremental_loader | Chunk done: read=5000, newly_inserted=0
2026-07-28 16:57:37 | INFO     | incremental_loader | Chunk done: read=5000, newly_inserted=0
2026-07-28 16:57:38 | INFO     | incremental_loader | Chunk done: read=5000, newly_inserted=0
2026-07-28 16:57:38 | INFO     | incremental_loader | Chunk done: read=5000, newly_inserted=0
2026-07-28 16:57:38 | INFO     | incremental_loader | Chunk done: read=5000, newly_inserted=0
2026-07-28 16:57:39 | INFO     | incremental_loader | Chunk done: read=5000, newly_inserted=0
2026-07-28 16:57:39 | INFO     | incremental_loader | Chunk done: read=5000, newly_inserted=0
2026-07-28 16:57:39 | INFO     | incremental_loader | Chunk done: read=5000, newly_inserted=0
2026-07-28 16:57:40 | INFO     | incremental_loader | Chunk done: read=5000, newly_inserted=0
2026-07-28 16:57:40 | INFO     | incremental_loader | Chunk done: read=5000, newly_inserted=0
2026-07-28 16:57:40 | INFO     | incremental_loader | Chunk done: read=5000, newly_inserted=0
2026-07-28 16:57:41 | INFO     | incremental_loader | Chunk done: read=5000, newly_inserted=0
2026-07-28 16:57:41 | INFO     | incremental_loader | Chunk done: read=3024, newly_inserted=0
2026-07-28 16:57:41 | INFO     | incremental_loader | Finished. rows_read=103024, newly_inserted=0, already_existed/skipped=103024
2026-07-28 16:57:41 | INFO     | incremental_loader | 
==================================================
 LOAD SUMMARY                                     
==================================================
 Table                 : bookings
 Rows in table before  : 103024
 Rows read from CSV    : 103024
 Rows newly inserted   : 0
 Rows skipped (dupes)  : 103024
 Rows in table after   : 103024
 Duration              : 7.18 sec
==================================================

2026-07-28 17:00:50 | INFO     | incremental_loader | Starting incremental load: C:\Users\91852\OneDrive\Desktop\Github Repo\Booking_data\datasets\data\Bookings.csv -> table 'bookings'
2026-07-28 17:00:50 | INFO     | incremental_loader | Chunk done: read=5000, newly_inserted=0
2026-07-28 17:00:51 | INFO     | incremental_loader | Chunk done: read=5000, newly_inserted=0
2026-07-28 17:00:51 | INFO     | incremental_loader | Chunk done: read=5000, newly_inserted=0
2026-07-28 17:00:51 | INFO     | incremental_loader | Chunk done: read=5000, newly_inserted=0
2026-07-28 17:00:52 | INFO     | incremental_loader | Chunk done: read=5000, newly_inserted=0
2026-07-28 17:00:52 | INFO     | incremental_loader | Chunk done: read=5000, newly_inserted=0
2026-07-28 17:00:52 | INFO     | incremental_loader | Chunk done: read=5000, newly_inserted=0
2026-07-28 17:00:53 | INFO     | incremental_loader | Chunk done: read=5000, newly_inserted=0
2026-07-28 17:00:53 | INFO     | incremental_loader | Chunk done: read=5000, newly_inserted=0
2026-07-28 17:00:53 | INFO     | incremental_loader | Chunk done: read=5000, newly_inserted=0
2026-07-28 17:00:54 | INFO     | incremental_loader | Chunk done: read=5000, newly_inserted=0
2026-07-28 17:00:54 | INFO     | incremental_loader | Chunk done: read=5000, newly_inserted=0
2026-07-28 17:00:54 | INFO     | incremental_loader | Chunk done: read=5000, newly_inserted=0
2026-07-28 17:00:55 | INFO     | incremental_loader | Chunk done: read=5000, newly_inserted=0
2026-07-28 17:00:55 | INFO     | incremental_loader | Chunk done: read=5000, newly_inserted=0
2026-07-28 17:00:55 | INFO     | incremental_loader | Chunk done: read=5000, newly_inserted=0
2026-07-28 17:00:56 | INFO     | incremental_loader | Chunk done: read=5000, newly_inserted=0
2026-07-28 17:00:56 | INFO     | incremental_loader | Chunk done: read=5000, newly_inserted=0
2026-07-28 17:00:56 | INFO     | incremental_loader | Chunk done: read=5000, newly_inserted=0
2026-07-28 17:00:57 | INFO     | incremental_loader | Chunk done: read=5000, newly_inserted=0
2026-07-28 17:00:57 | INFO     | incremental_loader | Chunk done: read=3024, newly_inserted=0
2026-07-28 17:00:57 | INFO     | incremental_loader | Finished. rows_read=103024, newly_inserted=0, already_existed/skipped=103024
2026-07-28 17:00:57 | INFO     | incremental_loader | 
==================================================
 LOAD SUMMARY                                     
==================================================
 Table                 : bookings
 Rows in table before  : 103024
 Rows read from CSV    : 103024
 Rows newly inserted   : 0
 Rows skipped (dupes)  : 103024
 Rows in table after   : 103024
 Duration              : 7.00 sec
==================================================

2026-07-28 17:01:13 | INFO     | incremental_loader | Starting incremental load: C:\Users\91852\OneDrive\Desktop\Github Repo\Booking_data\datasets\data\Bookings.csv -> table 'bookings'
2026-07-28 17:01:13 | INFO     | incremental_loader | Chunk done: read=5000, newly_inserted=0
2026-07-28 17:01:14 | INFO     | incremental_loader | Chunk done: read=5000, newly_inserted=0
2026-07-28 17:01:14 | INFO     | incremental_loader | Chunk done: read=5000, newly_inserted=0
2026-07-28 17:01:14 | INFO     | incremental_loader | Chunk done: read=5000, newly_inserted=0
2026-07-28 17:01:15 | INFO     | incremental_loader | Chunk done: read=5000, newly_inserted=0
2026-07-28 17:01:15 | INFO     | incremental_loader | Chunk done: read=5000, newly_inserted=0
2026-07-28 17:01:15 | INFO     | incremental_loader | Chunk done: read=5000, newly_inserted=0
2026-07-28 17:01:16 | INFO     | incremental_loader | Chunk done: read=5000, newly_inserted=0
2026-07-28 17:01:16 | INFO     | incremental_loader | Chunk done: read=5000, newly_inserted=0
2026-07-28 17:01:16 | INFO     | incremental_loader | Chunk done: read=5000, newly_inserted=0
2026-07-28 17:01:17 | INFO     | incremental_loader | Chunk done: read=5000, newly_inserted=0
2026-07-28 17:01:17 | INFO     | incremental_loader | Chunk done: read=5000, newly_inserted=0
2026-07-28 17:01:17 | INFO     | incremental_loader | Chunk done: read=5000, newly_inserted=0
2026-07-28 17:01:18 | INFO     | incremental_loader | Chunk done: read=5000, newly_inserted=0
2026-07-28 17:01:18 | INFO     | incremental_loader | Chunk done: read=5000, newly_inserted=0
2026-07-28 17:01:18 | INFO     | incremental_loader | Chunk done: read=5000, newly_inserted=0
2026-07-28 17:01:19 | INFO     | incremental_loader | Chunk done: read=5000, newly_inserted=0
2026-07-28 17:01:19 | INFO     | incremental_loader | Chunk done: read=5000, newly_inserted=0
2026-07-28 17:01:19 | INFO     | incremental_loader | Chunk done: read=5000, newly_inserted=0
2026-07-28 17:01:20 | INFO     | incremental_loader | Chunk done: read=5000, newly_inserted=0
2026-07-28 17:01:20 | INFO     | incremental_loader | Chunk done: read=3024, newly_inserted=0
2026-07-28 17:01:20 | INFO     | incremental_loader | Finished. rows_read=103024, newly_inserted=0, already_existed/skipped=103024
2026-07-28 17:01:20 | INFO     | incremental_loader | 
==================================================
 LOAD SUMMARY                                     
==================================================
 Table                 : bookings
 Rows in table before  : 103024
 Rows read from CSV    : 103024
 Rows newly inserted   : 0
 Rows skipped (dupes)  : 103024
 Rows in table after   : 103024
 Duration              : 6.99 sec
==================================================

