2026-07-28 17:01:12 | INFO     | pipeline | STEP 1/4: Running incremental load (incremental.py)
2026-07-28 17:01:13 | INFO     | incremental_loader | Starting incremental load: C:\Users\91852\OneDrive\Desktop\Github Repo\Booking_data\datasets\data\Bookings.csv -> table 'bookings'
2026-07-28 17:01:13 | INFO     | incremental_loader | Chunk done: read=5000, newly_inserted=0
2026-07-28 17:01:14 | INFO     | incremental_loader | Chunk done: read=5000, newly_inserted=0
2026-07-28 17:01:14 | INFO     | incremental_loader | Chunk done: read=5000, newly_inserted=0
2026-07-28 17:01:14 | INFO     | incremental_loader | Chunk done: read=5000, newly_inserted=0
2026-07-28 17:01:15 | INFO     | incremental_loader | Chunk done: read=5000, newly_inserted=0
2026-07-28 17:01:15 | INFO     | incremental_loader | Chunk done: read=5000, newly_inserted=0
2026-07-28 17:01:15 | INFO     | incremental_loader | Chunk done: read=5000, newly_inserted=0
2026-07-28 17:01:16 | INFO     | incremental_loader | Chunk done: read=5000, newly_inserted=0
2026-07-28 17:01:16 | INFO     | incremental_loader | Chunk done: read=5000, newly_inserted=0
2026-07-28 17:01:16 | INFO     | incremental_loader | Chunk done: read=5000, newly_inserted=0
2026-07-28 17:01:17 | INFO     | incremental_loader | Chunk done: read=5000, newly_inserted=0
2026-07-28 17:01:17 | INFO     | incremental_loader | Chunk done: read=5000, newly_inserted=0
2026-07-28 17:01:17 | INFO     | incremental_loader | Chunk done: read=5000, newly_inserted=0
2026-07-28 17:01:18 | INFO     | incremental_loader | Chunk done: read=5000, newly_inserted=0
2026-07-28 17:01:18 | INFO     | incremental_loader | Chunk done: read=5000, newly_inserted=0
2026-07-28 17:01:18 | INFO     | incremental_loader | Chunk done: read=5000, newly_inserted=0
2026-07-28 17:01:19 | INFO     | incremental_loader | Chunk done: read=5000, newly_inserted=0
2026-07-28 17:01:19 | INFO     | incremental_loader | Chunk done: read=5000, newly_inserted=0
2026-07-28 17:01:19 | INFO     | incremental_loader | Chunk done: read=5000, newly_inserted=0
2026-07-28 17:01:20 | INFO     | incremental_loader | Chunk done: read=5000, newly_inserted=0
2026-07-28 17:01:20 | INFO     | incremental_loader | Chunk done: read=3024, newly_inserted=0
2026-07-28 17:01:20 | INFO     | incremental_loader | Finished. rows_read=103024, newly_inserted=0, already_existed/skipped=103024
2026-07-28 17:01:20 | INFO     | incremental_loader | 
==================================================
 LOAD SUMMARY                                     
==================================================
 Table                 : bookings
 Rows in table before  : 103024
 Rows read from CSV    : 103024
 Rows newly inserted   : 0
 Rows skipped (dupes)  : 103024
 Rows in table after   : 103024
 Duration              : 6.99 sec
==================================================


==================================================
 LOAD SUMMARY                                     
==================================================
 Table                 : bookings
 Rows in table before  : 103024
 Rows read from CSV    : 103024
 Rows newly inserted   : 0
 Rows skipped (dupes)  : 103024
 Rows in table after   : 103024
 Duration              : 6.99 sec
==================================================

2026-07-28 17:01:20 | INFO     | pipeline | STEP 2/4: Populating dimension tables (09_pop_dims.sql)
INSERT 0 0
INSERT 0 0
INSERT 0 0
INSERT 0 0
INSERT 0 0
INSERT 0 0
INSERT 0 0
2026-07-28 17:01:21 | INFO     | pipeline | STEP 3/4: Populating fact table (10_pop_fact.sql)
INSERT 0 0
2026-07-28 17:01:21 | INFO     | pipeline | STEP 4/4: Running data quality checks (data_quality_checks.py)
2026-07-28 17:01:22 | INFO     | data_quality_checks | Running data quality checks...
2026-07-28 17:01:22 | INFO     | data_quality_checks | [PASS] Row count match (source vs fact) ù source=103024, fact=103024
2026-07-28 17:01:22 | INFO     | data_quality_checks | [PASS] No duplicate booking_id in fact table ù duplicates=0
2026-07-28 17:01:22 | INFO     | data_quality_checks | [PASS] No unexpected NULL foreign keys ù {'null_date': 0, 'null_vehicle': 0, 'null_payment': 0, 'null_status': 0, 'null_pickup': 0, 'null_drop': 0}
2026-07-28 17:01:22 | INFO     | data_quality_checks | [PASS] No orphaned foreign keys ù {'date': 0, 'vehicle_type': 0, 'payment_method': 0}
2026-07-28 17:01:22 | INFO     | data_quality_checks | [PASS] Dimension completeness (distinct values match) ù {'distinct_vehicle_source': 7, 'rows_in_dim_vehicle': 7, 'distinct_payment_source': 5, 'rows_in_dim_payment': 5, 'distinct_date_source': 31, 'rows_in_dim_date': 31}
2026-07-28 17:01:22 | INFO     | data_quality_checks | [PASS] No negative measures (fare/distance/TAT) ù invalid_rows=0
2026-07-28 17:01:22 | INFO     | data_quality_checks | [PASS] Ratings within 1-5 range ù invalid_rows=0
2026-07-28 17:01:22 | INFO     | data_quality_checks | [PASS] Pickup/drop location referential integrity ù {'pickup': 0, 'drop': 0}
2026-07-28 17:01:22 | INFO     | data_quality_checks | Status/flag consistency (informational, review by eye):
2026-07-28 17:01:22 | INFO     | data_quality_checks |   Canceled by Customer: {'booking_status': 'Canceled by Customer', 'flagged_canceled_by_customer': 10499, 'flagged_canceled_by_driver': 0, 'flagged_incomplete': 0}
2026-07-28 17:01:22 | INFO     | data_quality_checks |   Canceled by Driver: {'booking_status': 'Canceled by Driver', 'flagged_canceled_by_customer': 0, 'flagged_canceled_by_driver': 18434, 'flagged_incomplete': 0}
2026-07-28 17:01:22 | INFO     | data_quality_checks |   Driver Not Found: {'booking_status': 'Driver Not Found', 'flagged_canceled_by_customer': 0, 'flagged_canceled_by_driver': 0, 'flagged_incomplete': 0}
2026-07-28 17:01:22 | INFO     | data_quality_checks |   Success: {'booking_status': 'Success', 'flagged_canceled_by_customer': 0, 'flagged_canceled_by_driver': 0, 'flagged_incomplete': 63967}
2026-07-28 17:01:22 | INFO     | data_quality_checks | Date range (informational): 2024-07-01 -> 2024-07-31, 31 distinct days
2026-07-28 17:01:22 | INFO     | data_quality_checks | All 8 data quality checks passed.

============================================================
 DATA QUALITY SUMMARY
============================================================
 [PASS] Row count match (source vs fact)
 [PASS] No duplicate booking_id in fact table
 [PASS] No unexpected NULL foreign keys
 [PASS] No orphaned foreign keys
 [PASS] Dimension completeness (distinct values match)
 [PASS] No negative measures (fare/distance/TAT)
 [PASS] Ratings within 1-5 range
 [PASS] Pickup/drop location referential integrity
============================================================
2026-07-28 17:01:22 | INFO     | pipeline | Pipeline completed successfully.
